1234567890 -> 2023-01-09 2023-01-10
5512587452 -> 2023-01-07
